// Jest Snapshot v1, https://goo.gl/fbAQLP

exports[`<TextField /> renders with error 1`] = `
.c7 {
  display: inline-block;
  vertical-align: middle;
  overflow: hidden;
}

.c4 {
  display: -webkit-box;
  display: -webkit-flex;
  display: -ms-flexbox;
  display: flex;
  background: #EAEAEA;
  border-radius: 0.2rem;
  padding: 0 1.6rem;
  border: 0.2rem solid;
  border-color: #EAEAEA;
  margin-top: 0.8rem;
}

.c4:focus-within {
  box-shadow: 0 0 0 0.4rem rgba(242,49,165,0.3);
}

.c8 {
  color: #030517;
  font-family: Poppins,-apple-system,BlinkMacSystemFont,'Segoe UI',Roboto,Oxygen,Ubuntu,Cantarell,'Open Sans','Helvetica Neue',sans-serif;
  font-size: 1.6rem;
  padding: 0.8rem 0;
  padding-left: 1.6rem;
  background: transparent;
  border: 0;
  outline: none;
  width: 100%;
}

.c2 {
  font-size: 1.4rem;
  color: #030517;
  cursor: pointer;
}

.c6 {
  display: -webkit-box;
  display: -webkit-flex;
  display: -ms-flexbox;
  display: flex;
  width: 2.2rem;
  color: #8F8F8F;
  -webkit-order: 0;
  -ms-flex-order: 0;
  order: 0;
}

.c6 > svg {
  width: 100%;
}

.c9 {
  color: #FF6347;
  font-size: 1.2rem;
}

.c0 .c3 {
  border-color: #FF6347;
}

.c0 .c1,
.c0 .c5 {
  color: #FF6347;
}

<div>
  <div
    class="c0"
  >
    <label
      class="c1 c2"
      for="textField"
    >
      Text Field
    </label>
    <div
      class="c3 c4"
    >
      <div
        class="c5 c6"
      >
        <svg
          aria-hidden="true"
          class="c7"
          fill="currentColor"
          focusable="false"
          viewBox="0 0 24 24"
          xmlns="http://www.w3.org/2000/svg"
        >
          <g
            data-name="Layer 2"
          >
            <path
              d="M19 4H5a3 3 0 00-3 3v10a3 3 0 003 3h14a3 3 0 003-3V7a3 3 0 00-3-3zm-.67 2L12 10.75 5.67 6zM19 18H5a1 1 0 01-1-1V7.25l7.4 5.55a1 1 0 00.6.2 1 1 0 00.6-.2L20 7.25V17a1 1 0 01-1 1z"
              data-name="email"
            />
          </g>
        </svg>
      </div>
      <input
        class="c8"
        id="textField"
        type="text"
        value=""
      />
    </div>
    <p
      class="c9"
    >
      erro
    </p>
  </div>
</div>
`;
